---
source: crates/zdc-cli/tests/parse_examples.rs
expression: program
---
Program {
    decls: [
        State(
            StateDecl {
                secret: true,
                name: Ident {
                    text: "apiKey",
                    span: Span {
                        start: 83,
                        end: 89,
                    },
                },
                placement: Server,
                ty: Named(
                    Ident {
                        text: "Text",
                        span: Span {
                            start: 100,
                            end: 104,
                        },
                    },
                ),
                init: From(
                    Environment {
                        key: "STRIPE_KEY",
                        span: Span {
                            start: 110,
                            end: 134,
                        },
                    },
                ),
                span: Span {
                    start: 70,
                    end: 134,
                },
            },
        ),
        State(
            StateDecl {
                secret: false,
                name: Ident {
                    text: "votes",
                    span: Span {
                        start: 141,
                        end: 146,
                    },
                },
                placement: Durable,
                ty: Map(
                    Named(
                        Ident {
                            text: "Id",
                            span: Span {
                                start: 165,
                                end: 167,
                            },
                        },
                    ),
                    Named(
                        Ident {
                            text: "Int",
                            span: Span {
                                start: 171,
                                end: 174,
                            },
                        },
                    ),
                ),
                init: Starting(
                    Empty {
                        span: Span {
                            start: 184,
                            end: 189,
                        },
                    },
                ),
                span: Span {
                    start: 135,
                    end: 189,
                },
            },
        ),
        State(
            StateDecl {
                secret: false,
                name: Ident {
                    text: "ranked",
                    span: Span {
                        start: 196,
                        end: 202,
                    },
                },
                placement: Server,
                ty: List(
                    Named(
                        Ident {
                            text: "Item",
                            span: Span {
                                start: 221,
                                end: 225,
                            },
                        },
                    ),
                ),
                init: From(
                    Call {
                        name: Ident {
                            text: "rank",
                            span: Span {
                                start: 231,
                                end: 235,
                            },
                        },
                        args: [
                            Positional(
                                Var {
                                    name: Ident {
                                        text: "votes",
                                        span: Span {
                                            start: 241,
                                            end: 246,
                                        },
                                    },
                                    span: Span {
                                        start: 241,
                                        end: 246,
                                    },
                                },
                            ),
                        ],
                        span: Span {
                            start: 231,
                            end: 246,
                        },
                    },
                ),
                span: Span {
                    start: 190,
                    end: 246,
                },
            },
        ),
        State(
            StateDecl {
                secret: false,
                name: Ident {
                    text: "query",
                    span: Span {
                        start: 253,
                        end: 258,
                    },
                },
                placement: Client,
                ty: Named(
                    Ident {
                        text: "Text",
                        span: Span {
                            start: 269,
                            end: 273,
                        },
                    },
                ),
                init: Starting(
                    Text {
                        value: "",
                        span: Span {
                            start: 283,
                            end: 285,
                        },
                    },
                ),
                span: Span {
                    start: 247,
                    end: 285,
                },
            },
        ),
        State(
            StateDecl {
                secret: false,
                name: Ident {
                    text: "open",
                    span: Span {
                        start: 292,
                        end: 296,
                    },
                },
                placement: Client,
                ty: Named(
                    Ident {
                        text: "Truth",
                        span: Span {
                            start: 307,
                            end: 312,
                        },
                    },
                ),
                init: Starting(
                    Truth {
                        value: false,
                        span: Span {
                            start: 322,
                            end: 324,
                        },
                    },
                ),
                span: Span {
                    start: 286,
                    end: 324,
                },
            },
        ),
        Function(
            FunctionDecl {
                name: Ident {
                    text: "rank",
                    span: Span {
                        start: 335,
                        end: 339,
                    },
                },
                params: [
                    Ident {
                        text: "votes",
                        span: Span {
                            start: 345,
                            end: 350,
                        },
                    },
                ],
                body: Block {
                    stmts: [
                        Pipeline(
                            From(
                                Var {
                                    name: Ident {
                                        text: "items",
                                        span: Span {
                                            start: 360,
                                            end: 365,
                                        },
                                    },
                                    span: Span {
                                        start: 360,
                                        end: 365,
                                    },
                                },
                            ),
                        ),
                        Pipeline(
                            Keep {
                                var: Ident {
                                    text: "item",
                                    span: Span {
                                        start: 380,
                                        end: 384,
                                    },
                                },
                                cond: Binary {
                                    op: And,
                                    lhs: Field {
                                        base: Var {
                                            name: Ident {
                                                text: "item",
                                                span: Span {
                                                    start: 391,
                                                    end: 395,
                                                },
                                            },
                                            span: Span {
                                                start: 391,
                                                end: 395,
                                            },
                                        },
                                        name: Ident {
                                            text: "live",
                                            span: Span {
                                                start: 396,
                                                end: 400,
                                            },
                                        },
                                        span: Span {
                                            start: 391,
                                            end: 400,
                                        },
                                    },
                                    rhs: Unary {
                                        op: Not,
                                        operand: Field {
                                            base: Var {
                                                name: Ident {
                                                    text: "item",
                                                    span: Span {
                                                        start: 409,
                                                        end: 413,
                                                    },
                                                },
                                                span: Span {
                                                    start: 409,
                                                    end: 413,
                                                },
                                            },
                                            name: Ident {
                                                text: "hidden",
                                                span: Span {
                                                    start: 414,
                                                    end: 420,
                                                },
                                            },
                                            span: Span {
                                                start: 409,
                                                end: 420,
                                            },
                                        },
                                        span: Span {
                                            start: 405,
                                            end: 420,
                                        },
                                    },
                                    span: Span {
                                        start: 391,
                                        end: 420,
                                    },
                                },
                            },
                        ),
                        Pipeline(
                            Sort {
                                var: Ident {
                                    text: "item",
                                    span: Span {
                                        start: 435,
                                        end: 439,
                                    },
                                },
                                key: Index {
                                    base: Var {
                                        name: Ident {
                                            text: "votes",
                                            span: Span {
                                                start: 443,
                                                end: 448,
                                            },
                                        },
                                        span: Span {
                                            start: 443,
                                            end: 448,
                                        },
                                    },
                                    index: Field {
                                        base: Var {
                                            name: Ident {
                                                text: "item",
                                                span: Span {
                                                    start: 452,
                                                    end: 456,
                                                },
                                            },
                                            span: Span {
                                                start: 452,
                                                end: 456,
                                            },
                                        },
                                        name: Ident {
                                            text: "id",
                                            span: Span {
                                                start: 457,
                                                end: 459,
                                            },
                                        },
                                        span: Span {
                                            start: 452,
                                            end: 459,
                                        },
                                    },
                                    span: Span {
                                        start: 443,
                                        end: 459,
                                    },
                                },
                            },
                        ),
                        Pipeline(
                            TakeFirst(
                                Number {
                                    value: 20.0,
                                    span: Span {
                                        start: 475,
                                        end: 477,
                                    },
                                },
                            ),
                        ),
                    ],
                    span: Span {
                        start: 350,
                        end: 479,
                    },
                },
                span: Span {
                    start: 326,
                    end: 479,
                },
            },
        ),
        View(
            ViewDecl {
                nodes: [
                    Element(
                        Element {
                            name: Ident {
                                text: "Column",
                                span: Span {
                                    start: 488,
                                    end: 494,
                                },
                            },
                            args: [],
                            children: [
                                Element(
                                    Element {
                                        name: Ident {
                                            text: "Input",
                                            span: Span {
                                                start: 503,
                                                end: 508,
                                            },
                                        },
                                        args: [
                                            Positional(
                                                Var {
                                                    name: Ident {
                                                        text: "query",
                                                        span: Span {
                                                            start: 509,
                                                            end: 514,
                                                        },
                                                    },
                                                    span: Span {
                                                        start: 509,
                                                        end: 514,
                                                    },
                                                },
                                            ),
                                            Named {
                                                name: Ident {
                                                    text: "hint",
                                                    span: Span {
                                                        start: 516,
                                                        end: 520,
                                                    },
                                                },
                                                value: Text {
                                                    value: "search",
                                                    span: Span {
                                                        start: 524,
                                                        end: 532,
                                                    },
                                                },
                                            },
                                        ],
                                        children: [],
                                        span: Span {
                                            start: 503,
                                            end: 532,
                                        },
                                    },
                                ),
                                When(
                                    WhenNode {
                                        scrutinee: Var {
                                            name: Ident {
                                                text: "ranked",
                                                span: Span {
                                                    start: 547,
                                                    end: 553,
                                                },
                                            },
                                            span: Span {
                                                start: 547,
                                                end: 553,
                                            },
                                        },
                                        arms: [
                                            NodeArm {
                                                pattern: Pattern {
                                                    name: Ident {
                                                        text: "Loading",
                                                        span: Span {
                                                            start: 566,
                                                            end: 573,
                                                        },
                                                    },
                                                    binding: None,
                                                    span: Span {
                                                        start: 566,
                                                        end: 573,
                                                    },
                                                },
                                                body: Show(
                                                    Element {
                                                        name: Ident {
                                                            text: "Spinner",
                                                            span: Span {
                                                                start: 579,
                                                                end: 586,
                                                            },
                                                        },
                                                        args: [],
                                                        children: [],
                                                        span: Span {
                                                            start: 579,
                                                            end: 586,
                                                        },
                                                    },
                                                ),
                                                span: Span {
                                                    start: 566,
                                                    end: 586,
                                                },
                                            },
                                            NodeArm {
                                                pattern: Pattern {
                                                    name: Ident {
                                                        text: "Failed",
                                                        span: Span {
                                                            start: 599,
                                                            end: 605,
                                                        },
                                                    },
                                                    binding: Some(
                                                        Ident {
                                                            text: "error",
                                                            span: Span {
                                                                start: 611,
                                                                end: 616,
                                                            },
                                                        },
                                                    ),
                                                    span: Span {
                                                        start: 599,
                                                        end: 616,
                                                    },
                                                },
                                                body: Show(
                                                    Element {
                                                        name: Ident {
                                                            text: "ErrorBar",
                                                            span: Span {
                                                                start: 622,
                                                                end: 630,
                                                            },
                                                        },
                                                        args: [
                                                            Named {
                                                                name: Ident {
                                                                    text: "message",
                                                                    span: Span {
                                                                        start: 631,
                                                                        end: 638,
                                                                    },
                                                                },
                                                                value: Field {
                                                                    base: Var {
                                                                        name: Ident {
                                                                            text: "error",
                                                                            span: Span {
                                                                                start: 642,
                                                                                end: 647,
                                                                            },
                                                                        },
                                                                        span: Span {
                                                                            start: 642,
                                                                            end: 647,
                                                                        },
                                                                    },
                                                                    name: Ident {
                                                                        text: "message",
                                                                        span: Span {
                                                                            start: 648,
                                                                            end: 655,
                                                                        },
                                                                    },
                                                                    span: Span {
                                                                        start: 642,
                                                                        end: 655,
                                                                    },
                                                                },
                                                            },
                                                        ],
                                                        children: [],
                                                        span: Span {
                                                            start: 622,
                                                            end: 655,
                                                        },
                                                    },
                                                ),
                                                span: Span {
                                                    start: 599,
                                                    end: 655,
                                                },
                                            },
                                            NodeArm {
                                                pattern: Pattern {
                                                    name: Ident {
                                                        text: "Ready",
                                                        span: Span {
                                                            start: 668,
                                                            end: 673,
                                                        },
                                                    },
                                                    binding: Some(
                                                        Ident {
                                                            text: "items",
                                                            span: Span {
                                                                start: 679,
                                                                end: 684,
                                                            },
                                                        },
                                                    ),
                                                    span: Span {
                                                        start: 668,
                                                        end: 684,
                                                    },
                                                },
                                                body: Nodes(
                                                    [
                                                        Each(
                                                            EachNode {
                                                                var: Ident {
                                                                    text: "item",
                                                                    span: Span {
                                                                        start: 706,
                                                                        end: 710,
                                                                    },
                                                                },
                                                                iter: Var {
                                                                    name: Ident {
                                                                        text: "items",
                                                                        span: Span {
                                                                            start: 714,
                                                                            end: 719,
                                                                        },
                                                                    },
                                                                    span: Span {
                                                                        start: 714,
                                                                        end: 719,
                                                                    },
                                                                },
                                                                body: [
                                                                    Element(
                                                                        Element {
                                                                            name: Ident {
                                                                                text: "Row",
                                                                                span: Span {
                                                                                    start: 740,
                                                                                    end: 743,
                                                                                },
                                                                            },
                                                                            args: [
                                                                                Positional(
                                                                                    Field {
                                                                                        base: Var {
                                                                                            name: Ident {
                                                                                                text: "item",
                                                                                                span: Span {
                                                                                                    start: 744,
                                                                                                    end: 748,
                                                                                                },
                                                                                            },
                                                                                            span: Span {
                                                                                                start: 744,
                                                                                                end: 748,
                                                                                            },
                                                                                        },
                                                                                        name: Ident {
                                                                                            text: "name",
                                                                                            span: Span {
                                                                                                start: 749,
                                                                                                end: 753,
                                                                                            },
                                                                                        },
                                                                                        span: Span {
                                                                                            start: 744,
                                                                                            end: 753,
                                                                                        },
                                                                                    },
                                                                                ),
                                                                                Named {
                                                                                    name: Ident {
                                                                                        text: "padding",
                                                                                        span: Span {
                                                                                            start: 755,
                                                                                            end: 762,
                                                                                        },
                                                                                    },
                                                                                    value: Number {
                                                                                        value: 8.0,
                                                                                        span: Span {
                                                                                            start: 766,
                                                                                            end: 767,
                                                                                        },
                                                                                    },
                                                                                },
                                                                                Named {
                                                                                    name: Ident {
                                                                                        text: "weight",
                                                                                        span: Span {
                                                                                            start: 769,
                                                                                            end: 775,
                                                                                        },
                                                                                    },
                                                                                    value: Var {
                                                                                        name: Ident {
                                                                                            text: "bold",
                                                                                            span: Span {
                                                                                                start: 779,
                                                                                                end: 783,
                                                                                            },
                                                                                        },
                                                                                        span: Span {
                                                                                            start: 779,
                                                                                            end: 783,
                                                                                        },
                                                                                    },
                                                                                },
                                                                            ],
                                                                            children: [
                                                                                Handler(
                                                                                    Handler {
                                                                                        event: Ident {
                                                                                            text: "click",
                                                                                            span: Span {
                                                                                                start: 811,
                                                                                                end: 816,
                                                                                            },
                                                                                        },
                                                                                        body: Block {
                                                                                            stmts: [
                                                                                                Mutation(
                                                                                                    Add {
                                                                                                        value: Number {
                                                                                                            value: 1.0,
                                                                                                            span: Span {
                                                                                                                start: 849,
                                                                                                                end: 850,
                                                                                                            },
                                                                                                        },
                                                                                                        place: Place {
                                                                                                            base: Ident {
                                                                                                                text: "votes",
                                                                                                                span: Span {
                                                                                                                    start: 854,
                                                                                                                    end: 859,
                                                                                                                },
                                                                                                            },
                                                                                                            path: [
                                                                                                                Index(
                                                                                                                    Field {
                                                                                                                        base: Var {
                                                                                                                            name: Ident {
                                                                                                                                text: "item",
                                                                                                                                span: Span {
                                                                                                                                    start: 863,
                                                                                                                                    end: 867,
                                                                                                                                },
                                                                                                                            },
                                                                                                                            span: Span {
                                                                                                                                start: 863,
                                                                                                                                end: 867,
                                                                                                                            },
                                                                                                                        },
                                                                                                                        name: Ident {
                                                                                                                            text: "id",
                                                                                                                            span: Span {
                                                                                                                                start: 868,
                                                                                                                                end: 870,
                                                                                                                            },
                                                                                                                        },
                                                                                                                        span: Span {
                                                                                                                            start: 863,
                                                                                                                            end: 870,
                                                                                                                        },
                                                                                                                    },
                                                                                                                ),
                                                                                                            ],
                                                                                                            span: Span {
                                                                                                                start: 854,
                                                                                                                end: 870,
                                                                                                            },
                                                                                                        },
                                                                                                    },
                                                                                                ),
                                                                                            ],
                                                                                            span: Span {
                                                                                                start: 816,
                                                                                                end: 871,
                                                                                            },
                                                                                        },
                                                                                        span: Span {
                                                                                            start: 808,
                                                                                            end: 871,
                                                                                        },
                                                                                    },
                                                                                ),
                                                                            ],
                                                                            span: Span {
                                                                                start: 740,
                                                                                end: 871,
                                                                            },
                                                                        },
                                                                    ),
                                                                ],
                                                                span: Span {
                                                                    start: 701,
                                                                    end: 871,
                                                                },
                                                            },
                                                        ),
                                                    ],
                                                ),
                                                span: Span {
                                                    start: 668,
                                                    end: 871,
                                                },
                                            },
                                        ],
                                        span: Span {
                                            start: 542,
                                            end: 871,
                                        },
                                    },
                                ),
                            ],
                            span: Span {
                                start: 488,
                                end: 871,
                            },
                        },
                    ),
                ],
                span: Span {
                    start: 479,
                    end: 871,
                },
            },
        ),
    ],
}
